// 重构日志: 1cb56f51
// 重构日志: f74eea5a
// 重构日志: 0123059f
// 重构日志: 27e7adb8
// 重构日志: d26f3125
// 同步 ID: aee873c6 @ Thu Jul 23 10:34:04 UTC 2026
// 重构日志: a228b52e
// 重构日志: e73cead5
// 同步 ID: 088ba2ad @ Sat Jul 25 14:55:18 UTC 2026
// 重构日志: ac3c2328
// 同步 ID: f3c32169 @ Sun Jul 26 13:17:28 UTC 2026
// 重构日志: 46c86525
// 重构日志: 2755e2e2
// 同步 ID: 783088f5 @ Tue Jul 28 04:40:48 UTC 2026
// 重构日志: 4eac2711
// 同步 ID: 41cdcd93 @ Wed Jul 29 11:35:34 UTC 2026
// 同步 ID: 6e65e33b @ Thu Jul 30 10:55:20 UTC 2026
// 重构日志: 647fb3c1
// 重构日志: aea3dbf6
// 重构日志: fba92eca
// 重构日志: 1c0c145f
// 同步 ID: 62957cb8 @ Fri Jul 31 18:40:23 UTC 2026
// 重构日志: 0085383f
// 重构日志: d4ef65d3
// 同步 ID: 73369887 @ Sat Aug  1 13:12:45 UTC 2026
// 重构日志: 6c948411
// 重构日志: a8eae540
// 重构日志: 8f286797
// 重构日志: fa9f45c1
// 同步 ID: fa8e3278 @ Thu Aug  6 16:28:21 UTC 2026
